47
/home/cheshire/Music/Glass Animals - I Love You So Fucking Much/Show Pony - Glass Animals (soundcloud, 1869448410).mp3
/SharedDrive/Music/Conan Gray - Superache/10 Footnote.flac
/SharedDrive/Music/girl in red - if i could make it go quiet/05 girl in red - midnight love.flac
/SharedDrive/Music/Teen Suicide - rarities, b-sides, demos, outtakes, & secret songs... 2009 - 2019/03 I wanna be a witch (live).flac
/home/cheshire/Music/Glass Animals - Dreamland/Dreamland - Glass Animals (soundcloud, 805808962).mp3
/SharedDrive/Music/The Neighbourhood - Chip Chrome & The Mono-Tones (Deluxe)/04 The Shining.flac
/home/cheshire/Music/Hozier - Unreal Unearth_ Unending/26 First Light.flac
/home/cheshire/Music/girl in red - I'M DOING IT AGAIN BABY!/01 I'm Back.flac
/home/cheshire/Music/Pellek, Derivakat - Did We Even Say Goodbye/01 Did We Even Say Goodbye.flac
/home/cheshire/Music/Hozier - Hozier (Expanded Edition)/01 Take Me to Church.flac
/home/cheshire/Music/Derivakat - Archive #02_ Desire/03 Derivakat - Castaway.flac
/home/cheshire/Music/Noah Kahan - The Great Divide (2026)/06 - The Great Divide [Explicit].flac
/home/cheshire/Music/Noah Kahan - Stick Season (2022) [24-96 FLAC]/08 - Orange Juice.flac
/SharedDrive/Music/M83 - DSVII/07 A Word of Wisdom.flac
/SharedDrive/Music/The Wombats - Is This What It Feels Like to Feel Like This_/06 Good Idea at the Time.flac
/home/cheshire/Music/Nightcord at 25_00 SEKAI ALBUM vol.1 (2022)/01 - Jishoumushoku.flac
/home/cheshire/Music/Hozier - Wasteland, Baby! (2019) Flac/11. Dinner & Diatribes.flac
/home/cheshire/Music/Noah Kahan - The Great Divide (2026)/11 - Porch Light [Explicit].flac
/SharedDrive/Music/Queen - A Night At The Opera (2011 Deluxe Remaster FLAC) 88/CD1/10 - Good Company.flac
/home/cheshire/Music/girl in red - I'M DOING IT AGAIN BABY!/06 A Night To Remember.flac
/home/cheshire/Music/Hozier - Hozier (Expanded Edition)/03 Jackie and Wilson.flac
/home/cheshire/Music/Derivakat - Archive #02_ Desire/04 Derivakat - Alone.flac
/SharedDrive/Music/Marina and The Diamonds - Froot (2015) Flac/09 - Better Than That.m4a
/home/cheshire/Music/Day Wave, Lawrence Rothman, girl in red - Kate's Not Here (Day Wave & Lawrence Rothman Remix)/01 Kate's Not Here (Day Wave & Lawrence Rothman Remix).flac
/SharedDrive/Music/Derivakat - Fall/01 Derivakat - Fall.flac
/home/cheshire/Music/Hozier - Wasteland, Baby! (2019) Flac/03. Movement.flac
/SharedDrive/Music/Sufjan Stevens - The Ascension (2020) [FLAC]/05 - Tell Me You Love Me.flac
/home/cheshire/Music/Hozier - Unreal Unearth_ Unending/24 Abstract (Psychopomp).flac
/SharedDrive/Music/Conan Gray - Found Heaven/04 Lonely Dancers.flac
/home/cheshire/Music/Noah Kahan - The Great Divide (2026)/07 - Haircut [Explicit].flac
/home/cheshire/Music/Noah Kahan - The Great Divide (2026)/09 - Dashboard [Explicit].flac
/SharedDrive/Music/Glass Animals - I Love You So Fucking Much/White Roses - Glass Animals (soundcloud, 1869449997).mp3
/home/cheshire/Music/Hozier - Unreal Unearth_ Unending/18 Who We Are.flac
/home/cheshire/Music/Noah Kahan - The Great Divide (2026)/08 - Willing and Able [Explicit].flac
/home/cheshire/Music/Derivakat - Don't Wanna Lose You/01 Derivakat - Don't Wanna Lose You.flac
/home/cheshire/Music/Noah Kahan - The Great Divide (2026)/01 - End of August [Explicit].flac
/home/cheshire/Music/Noah Kahan - The Great Divide (2026)/17 - Dan [Explicit].flac
/home/cheshire/Music/Hozier - Unreal Unearth_ Unending/05 Hymn to Virgil.flac
/SharedDrive/Music/Sufjan Stevens - Javelin (2023) FLAC [PMEDIA] ⭐️/03. Will Anybody Ever Love Me_.flac
/SharedDrive/Music/Marina - Ancient Dreams In A Modern Land (Deluxe Edition) (2022) [24 Bit Hi-Res] FLAC [PMEDIA] ⭐️/03. Man's World.flac
/home/cheshire/Music/Hozier - Unreal Unearth_ Unending/14 Francesca.flac
/home/cheshire/Music/Derivakat, Cartian - Let Me Let You Go/01 Derivakat, Cartian - Let Me Let You Go.flac
/home/cheshire/Music/Derivakat, Netrum - Lost in Space/01 Derivakat, Netrum - Lost in Space.flac
/SharedDrive/Music/Run River North - The Girl/01 The Girl.flac
/home/cheshire/Music/Noah Kahan - The Great Divide (2026)/11 - Porch Light [Explicit].flac
/home/cheshire/Music/Lena Raine - Celeste (Original Soundtrack) (2018)/14. Lena Raine - Starjump.flac
/home/cheshire/Music/Noah Kahan - Stick Season (2022) [24-96 FLAC]/17 - Paul Revere.flac
/home/cheshire/Music/Noah Kahan - Stick Season (2022) [24-96 FLAC]/14 - The View Between Villages.m4a
/home/cheshire/Music/Noah Kahan - The Great Divide (2026)/12 - Deny Deny Deny.flac
/home/cheshire/Music/Lord Huron - The Cosmic Selector Vol. 1 (2025)/01. Lord Huron - Looking Back.flac
/SharedDrive/Music/Derivakat, Pellek, HoYoFair - Fork Me/01 Fork Me.flac
/home/cheshire/Music/Noah Kahan - Stick Season (2022) [24-96 FLAC]/08 - Orange Juice.flac
/SharedDrive/Music/Panchiko - Failed at Math(s)/05 Find it (A Song).flac
/home/cheshire/Music/Hozier - Wasteland, Baby! (2019) Flac/06. To Noise Making (Sing).flac
/SharedDrive/Music/lovelytheband - finding it hard to smile/06 these are my friends.flac
/home/cheshire/Music/girl in red - Hemingway/01 Hemingway.flac
/home/cheshire/Music/Run River North - Rearview/01 Rearview.flac
/home/cheshire/Music/Noah Kahan - The Great Divide (2026)/10 - 23 [Explicit].flac
